ASxxxx Linker V03.00 + NoICE + sdld,  page 1.
Hexadecimal  [32-Bits]

Area                                    Addr        Size        Decimal Bytes (Attributes)
--------------------------------        ----        ----        ------- ----- ------------
CABS                                00000000    00000000 =           0. bytes (ABS,CON,CODE)

      Value  Global                              Global Defined In Module
      -----  --------------------------------   ------------------------
C:   00000000  l_CABS                          
C:   00000000  l_CONST                         
C:   00000000  l_GSINIT1                       
C:   00000000  l_GSINIT5                       
C:   00000000  l_IABS                          
C:   00000000  l_ISEG                          
C:   00000000  l_PSEG                          
C:   00000000  l_REG_BANK_1                    
C:   00000000  l_REG_BANK_2                    
C:   00000000  l_REG_BANK_3                    
C:   00000000  l_RSEG                          
C:   00000000  l_RSEG0                         
C:   00000000  l_RSEG1                         
C:   00000000  l_XABS                          
C:   00000000  l_XINIT                         
C:   00000000  l_XISEG                         
C:   00000000  l_XSEG                          
C:   00000000  l__CODE                         
C:   00000000  s_BSEG                          
C:   00000000  s_CABS                          
C:   00000000  s_DSEG                          
C:   00000000  s_HOME                          
C:   00000000  s_IABS                          
C:   00000000  s_ISEG                          
C:   00000000  s_REG_BANK_0                    
C:   00000000  s_RSEG                          
C:   00000000  s_RSEG0                         
C:   00000000  s_RSEG1                         
C:   00000000  s_XABS                          
C:   00000001  l_BIT_BANK                      
C:   00000001  l_BSEG                          
C:   00000001  l_BSEG_BYTES                    
C:   00000001  s_PSEG                          
C:   00000001  s_XISEG                         
C:   00000001  s_XSEG                          
C:   00000002  l_OSEG                          
C:   00000003  l_GSFINAL                       
C:   00000003  l_GSINIT0                       
C:   00000005  l_GSINIT                        
C:   00000008  l_REG_BANK_0                    
C:   00000008  s_REG_BANK_1                    
C:   0000000A  l_GSINIT2                       
C:   00000010  s_REG_BANK_2                    
C:   00000017  s_OSEG                          
C:   00000018  s_REG_BANK_3                    
C:   00000019  l_HOME                          
C:   00000019  s_GSINIT0                       
C:   0000001C  s_GSINIT1                       
C:   0000001C  s_GSINIT2                       
C:   00000020  s_BSEG_BYTES                    
ASxxxx Linker V03.00 + NoICE + sdld,  page 2.
Hexadecimal  [32-Bits]

Area                                    Addr        Size        Decimal Bytes (Attributes)
--------------------------------        ----        ----        ------- ----- ------------
CABS                                00000000    00000000 =           0. bytes (ABS,CON,CODE)

      Value  Global                              Global Defined In Module
      -----  --------------------------------   ------------------------
C:   00000020  s__CODE                         
C:   00000021  s_BIT_BANK                      
C:   00000022  l_GSINIT3                       
C:   00000022  s_SSEG                          
C:   00000026  s_GSINIT3                       
C:   0000002A  l_GSINIT4                       
C:   00000048  s_GSINIT4                       
C:   00000072  s_GSINIT                        
C:   00000072  s_GSINIT5                       
C:   00000077  s_GSFINAL                       
C:   00000079  l_DSEG                          
C:   0000007A  s_CSEG                          
C:   000000DE  l_SSEG                          
C:   00000100  l_IRAM                          
C:   00000508  l_CSEG                          
C:   00000582  s_CONST                         
C:   00000582  s_XINIT                         

ASxxxx Linker V03.00 + NoICE + sdld,  page 3.
Hexadecimal  [32-Bits]

Area                                    Addr        Size        Decimal Bytes (Attributes)
--------------------------------        ----        ----        ------- ----- ------------
.  .ABS.                            00000000    00000000 =           0. bytes (ABS,CON)

      Value  Global                              Global Defined In Module
      -----  --------------------------------   ------------------------
     00000000  .__.ABS.                           _startup
     00000024  _rtc_table                         ds1302
     0000002C  _cfg_table                         ds1302
     00000034  _H12_TH                            ds1302
     00000035  _H12_PM                            ds1302
     00000037  _H12_12                            ds1302
     00000060  _CONF_C_F                          ds1302
     00000061  _CONF_ALARM_ON                     ds1302
     00000062  _CONF_CHIME_ON                     ds1302
     0000006E  _CONF_SW_MMDD                      ds1302
     00000080  _P0                                ds1302
     00000080  _P0_0                              ds1302
     00000081  _P0_1                              ds1302
     00000081  _SP                                ds1302
     00000082  _DPL                               ds1302
     00000082  _P0_2                              ds1302
     00000083  _DPH                               ds1302
     00000083  _P0_3                              ds1302
     00000084  _P0_4                              ds1302
     00000085  _P0_5                              ds1302
     00000086  _P0_6                              ds1302
     00000087  _P0_7                              ds1302
     00000087  _PCON                              ds1302
     00000088  _IT0                               ds1302
     00000088  _TCON                              ds1302
     00000089  _IE0                               ds1302
     00000089  _TMOD                              ds1302
     0000008A  _IT1                               ds1302
     0000008A  _TL0                               ds1302
     0000008B  _IE1                               ds1302
     0000008B  _TL1                               ds1302
     0000008C  _TH0                               ds1302
     0000008C  _TR0                               ds1302
     0000008D  _TF0                               ds1302
     0000008D  _TH1                               ds1302
     0000008E  _AUXR                              ds1302
     0000008E  _TR1                               ds1302
     0000008F  _TF1                               ds1302
     00000090  _P1                                ds1302
     00000090  _P1_0                              ds1302
     00000090  _T2                                ds1302
     00000091  _P1M1                              ds1302
     00000091  _P1_1                              ds1302
     00000091  _T2EX                              ds1302
     00000092  _P1M0                              ds1302
     00000092  _P1_2                              ds1302
     00000093  _P1_3                              ds1302
     00000094  _P1_4                              ds1302
     00000095  _P1_5                              ds1302
     00000096  _P1_6                              ds1302
ASxxxx Linker V03.00 + NoICE + sdld,  page 4.
Hexadecimal  [32-Bits]

Area                                    Addr        Size        Decimal Bytes (Attributes)
--------------------------------        ----        ----        ------- ----- ------------
.  .ABS.                            00000000    00000000 =           0. bytes (ABS,CON)

      Value  Global                              Global Defined In Module
      -----  --------------------------------   ------------------------
     00000097  _CLK_DIV                           ds1302
     00000097  _P1_7                              ds1302
     00000098  _RI                                ds1302
     00000098  _SCON                              ds1302
     00000099  _SBUF                              ds1302
     00000099  _TI                                ds1302
     0000009A  _RB8                               ds1302
     0000009B  _TB8                               ds1302
     0000009C  _REN                               ds1302
     0000009D  _SM2                               ds1302
     0000009E  _SM1                               ds1302
     0000009F  _SM0                               ds1302
     000000A0  _P2                                ds1302
     000000A0  _P2_0                              ds1302
     000000A0  __XPAGE                            
     000000A1  _P2_1                              ds1302
     000000A2  _P2_2                              ds1302
     000000A3  _P2_3                              ds1302
     000000A4  _P2_4                              ds1302
     000000A5  _P2_5                              ds1302
     000000A6  _P2_6                              ds1302
     000000A7  _P2_7                              ds1302
     000000A8  _EX0                               ds1302
     000000A8  _IE                                ds1302
     000000A9  _ET0                               ds1302
     000000AA  _EX1                               ds1302
     000000AB  _ET1                               ds1302
     000000AC  _ES                                ds1302
     000000AD  _ET2                               ds1302
     000000AF  _EA                                ds1302
     000000B0  _P3                                ds1302
     000000B0  _P3_0                              ds1302
     000000B0  _RXD                               ds1302
     000000B1  _P3M1                              ds1302
     000000B1  _P3_1                              ds1302
     000000B1  _TXD                               ds1302
     000000B2  _INT0                              ds1302
     000000B2  _P3M0                              ds1302
     000000B2  _P3_2                              ds1302
     000000B3  _INT1                              ds1302
     000000B3  _P3_3                              ds1302
     000000B4  _P3_4                              ds1302
     000000B4  _T0                                ds1302
     000000B5  _P3_5                              ds1302
     000000B5  _T1                                ds1302
     000000B6  _P3_6                              ds1302
     000000B6  _WR                                ds1302
     000000B7  _P3_7                              ds1302
     000000B7  _RD                                ds1302
     000000B8  _IP                                ds1302
     000000B8  _PX0                               ds1302
ASxxxx Linker V03.00 + NoICE + sdld,  page 5.
Hexadecimal  [32-Bits]

Area                                    Addr        Size        Decimal Bytes (Attributes)
--------------------------------        ----        ----        ------- ----- ------------
.  .ABS.                            00000000    00000000 =           0. bytes (ABS,CON)

      Value  Global                              Global Defined In Module
      -----  --------------------------------   ------------------------
     000000B9  _PT0                               ds1302
     000000BA  _PX1                               ds1302
     000000BB  _PT1                               ds1302
     000000BC  _PS                                ds1302
     000000BD  _PT2                               ds1302
     000000C8  _CP_RL2                            ds1302
     000000C8  _P5                                ds1302
     000000C8  _P5_0                              ds1302
     000000C8  _T2CON                             ds1302
     000000C8  _T2CON_0                           ds1302
     000000C9  _C_T2                              ds1302
     000000C9  _P5M1                              ds1302
     000000C9  _P5_1                              ds1302
     000000C9  _T2CON_1                           ds1302
     000000C9  _T2MOD                             ds1302
     000000CA  _P5M0                              ds1302
     000000CA  _P5_2                              ds1302
     000000CA  _RCAP2L                            ds1302
     000000CA  _T2CON_2                           ds1302
     000000CA  _TR2                               ds1302
     000000CB  _EXEN2                             ds1302
     000000CB  _P5_3                              ds1302
     000000CB  _RCAP2H                            ds1302
     000000CB  _T2CON_3                           ds1302
     000000CC  _P5_4                              ds1302
     000000CC  _T2CON_4                           ds1302
     000000CC  _TCLK                              ds1302
     000000CC  _TL2                               ds1302
     000000CD  _P5_5                              ds1302
     000000CD  _RCLK                              ds1302
     000000CD  _T2CON_5                           ds1302
     000000CD  _TH2                               ds1302
     000000CE  _EXF2                              ds1302
     000000CE  _P5_6                              ds1302
     000000CE  _T2CON_6                           ds1302
     000000CF  _P5_7                              ds1302
     000000CF  _T2CON_7                           ds1302
     000000CF  _TF2                               ds1302
     000000D0  _P                                 ds1302
     000000D0  _PSW                               ds1302
     000000D1  _FL                                ds1302
     000000D2  _OV                                ds1302
     000000D3  _RS0                               ds1302
     000000D4  _RS1                               ds1302
     000000D5  _F0                                ds1302
     000000D6  _AC                                ds1302
     000000D7  _CY                                ds1302
     000000E0  _A                                 ds1302
     000000E0  _ACC                               ds1302
     000000F0  _B                                 ds1302

ASxxxx Linker V03.00 + NoICE + sdld,  page 6.
Hexadecimal  [32-Bits]

Area                                    Addr        Size        Decimal Bytes (Attributes)
--------------------------------        ----        ----        ------- ----- ------------
BSEG_BYTES                          00000020    00000001 =           1. bytes (REL,CON)

      Value  Global                              Global Defined In Module
      -----  --------------------------------   ------------------------
ASxxxx Linker V03.00 + NoICE + sdld,  page 7.
Hexadecimal  [32-Bits]

Area                                    Addr        Size        Decimal Bytes (Attributes)
--------------------------------        ----        ----        ------- ----- ------------
REG_BANK_0                          00000000    00000008 =           8. bytes (REL,OVR)

      Value  Global                              Global Defined In Module
      -----  --------------------------------   ------------------------
ASxxxx Linker V03.00 + NoICE + sdld,  page 8.
Hexadecimal  [32-Bits]

Area                                    Addr        Size        Decimal Bytes (Attributes)
--------------------------------        ----        ----        ------- ----- ------------
BIT_BANK                            00000021    00000001 =           1. bytes (REL,OVR)

      Value  Global                              Global Defined In Module
      -----  --------------------------------   ------------------------
ASxxxx Linker V03.00 + NoICE + sdld,  page 9.
Hexadecimal  [32-Bits]

Area                                    Addr        Size        Decimal Bytes (Attributes)
--------------------------------        ----        ----        ------- ----- ------------
DSEG                                00000000    00000079 =         121. bytes (REL,CON)

      Value  Global                              Global Defined In Module
      -----  --------------------------------   ------------------------
     00000008  _min                               main
     00000009  _sec                               main
     0000000A  _month                             main
     0000000B  _weekDay                           main
     0000000C  _hour                              main
     0000000D  _year                              main
     0000000E  _date                              main
     0000000F  _state                             main
     00000010  _button_timer                      main
     00000012  _ds_set_clock_PARM_2               main
     00000013  _ds_set_clock_PARM_3               main
     00000014  _ds_set_clock_PARM_4               main
     00000015  _ds_set_clock_PARM_5               main
     00000016  _ds_writebyte_PARM_2               ds1302

ASxxxx Linker V03.00 + NoICE + sdld,  page 10.
Hexadecimal  [32-Bits]

Area                                    Addr        Size        Decimal Bytes (Attributes)
--------------------------------        ----        ----        ------- ----- ------------
OSEG                                00000017    00000002 =           2. bytes (REL,OVR)

      Value  Global                              Global Defined In Module
      -----  --------------------------------   ------------------------
     00000017  __divsint_PARM_2                   _divuint
     00000017  __divuint_PARM_2                   _divuint
     00000017  __modsint_PARM_2                   _moduint
     00000017  __moduint_PARM_2                   _moduint

ASxxxx Linker V03.00 + NoICE + sdld,  page 11.
Hexadecimal  [32-Bits]

Area                                    Addr        Size        Decimal Bytes (Attributes)
--------------------------------        ----        ----        ------- ----- ------------
SSEG                                00000022    000000DE =         222. bytes (REL,OVR)

      Value  Global                              Global Defined In Module
      -----  --------------------------------   ------------------------
     00000022  __start__stack                     main

ASxxxx Linker V03.00 + NoICE + sdld,  page 12.
Hexadecimal  [32-Bits]

Area                                    Addr        Size        Decimal Bytes (Attributes)
--------------------------------        ----        ----        ------- ----- ------------
HOME                                00000000    00000019 =          25. bytes (REL,CON,CODE)

      Value  Global                              Global Defined In Module
      -----  --------------------------------   ------------------------
C:   00000016  __sdcc_program_startup             main

ASxxxx Linker V03.00 + NoICE + sdld,  page 13.
Hexadecimal  [32-Bits]

Area                                    Addr        Size        Decimal Bytes (Attributes)
--------------------------------        ----        ----        ------- ----- ------------
GSINIT0                             00000019    00000003 =           3. bytes (REL,CON,CODE)

      Value  Global                              Global Defined In Module
      -----  --------------------------------   ------------------------
C:   00000019  __sdcc_gsinit_startup              

ASxxxx Linker V03.00 + NoICE + sdld,  page 14.
Hexadecimal  [32-Bits]

Area                                    Addr        Size        Decimal Bytes (Attributes)
--------------------------------        ----        ----        ------- ----- ------------
GSINIT2                             0000001C    0000000A =          10. bytes (REL,CON,CODE)

      Value  Global                              Global Defined In Module
      -----  --------------------------------   ------------------------
ASxxxx Linker V03.00 + NoICE + sdld,  page 15.
Hexadecimal  [32-Bits]

Area                                    Addr        Size        Decimal Bytes (Attributes)
--------------------------------        ----        ----        ------- ----- ------------
GSINIT3                             00000026    00000022 =          34. bytes (REL,CON,CODE)

      Value  Global                              Global Defined In Module
      -----  --------------------------------   ------------------------
C:   00000026  __mcs51_genXINIT                   

ASxxxx Linker V03.00 + NoICE + sdld,  page 16.
Hexadecimal  [32-Bits]

Area                                    Addr        Size        Decimal Bytes (Attributes)
--------------------------------        ----        ----        ------- ----- ------------
GSINIT4                             00000048    0000002A =          42. bytes (REL,CON,CODE)

      Value  Global                              Global Defined In Module
      -----  --------------------------------   ------------------------
C:   00000048  __mcs51_genRAMCLEAR                
C:   0000004E  __mcs51_genXRAMCLEAR               

ASxxxx Linker V03.00 + NoICE + sdld,  page 17.
Hexadecimal  [32-Bits]

Area                                    Addr        Size        Decimal Bytes (Attributes)
--------------------------------        ----        ----        ------- ----- ------------
GSINIT                              00000072    00000005 =           5. bytes (REL,CON,CODE)

      Value  Global                              Global Defined In Module
      -----  --------------------------------   ------------------------
ASxxxx Linker V03.00 + NoICE + sdld,  page 18.
Hexadecimal  [32-Bits]

Area                                    Addr        Size        Decimal Bytes (Attributes)
--------------------------------        ----        ----        ------- ----- ------------
GSFINAL                             00000077    00000003 =           3. bytes (REL,CON,CODE)

      Value  Global                              Global Defined In Module
      -----  --------------------------------   ------------------------
ASxxxx Linker V03.00 + NoICE + sdld,  page 19.
Hexadecimal  [32-Bits]

Area                                    Addr        Size        Decimal Bytes (Attributes)
--------------------------------        ----        ----        ------- ----- ------------
CSEG                                0000007A    00000508 =        1288. bytes (REL,CON,CODE)

      Value  Global                              Global Defined In Module
      -----  --------------------------------   ------------------------
C:   0000007A  _Delay1ms                          main
C:   00000081  _delay                             main
C:   000000A0  _ds_set_clock                      main
C:   000000E8  _display_led                       main
C:   00000108  _chaser                            main
C:   00000132  _flash                             main
C:   0000014A  _main                              main
C:   000002A9  _int0                              main
C:   000002F6  _int1                              main
C:   0000035F  _DELAY_us                          delay
C:   00000360  _DELAY_ms                          delay
C:   0000037E  _sendbyte                          ds1302
C:   0000039C  _readbyte                          ds1302
C:   000003BC  _ds_readbyte                       ds1302
C:   000003E3  _ds_writebyte                      ds1302
C:   00000401  _ds_init                           ds1302
C:   0000041D  _ds_split2int                      ds1302
C:   0000042F  _ds_int2bcd                        ds1302
C:   00000471  _ds_int2bcd_tens                   ds1302
C:   0000048A  _ds_int2bcd_ones                   ds1302
C:   0000049A  __moduint                          _moduint
C:   000004E7  __divuint                          _divuint
C:   00000510  __modsint                          _modsint
C:   00000546  __divsint                          _divsint
C:   0000057E  __sdcc_external_startup            _startup

ASxxxx Linker V03.00 + NoICE + sdld,  page 20.

Files Linked                              [ module(s) ]

main.rel                                  [  ]
delay.rel                                 [  ]
ds1302.rel                                [  ]


Libraries Linked                          [ object file ]

/usr/bin/../share/sdcc/lib/small/mcs51.lib
                                          [ crtclear.rel ]
/usr/bin/../share/sdcc/lib/small/mcs51.lib
                                          [ crtxinit.rel ]
/usr/bin/../share/sdcc/lib/small/libint.lib
                                          [ _moduint.rel ]
/usr/bin/../share/sdcc/lib/small/libint.lib
                                          [ _divuint.rel ]
/usr/bin/../share/sdcc/lib/small/mcs51.lib
                                          [ crtxclear.rel ]
/usr/bin/../share/sdcc/lib/small/mcs51.lib
                                          [ crtpagesfr.rel ]
/usr/bin/../share/sdcc/lib/small/mcs51.lib
                                          [ crtstart.rel ]
/usr/bin/../share/sdcc/lib/small/libint.lib
                                          [ _modsint.rel ]
/usr/bin/../share/sdcc/lib/small/libint.lib
                                          [ _divsint.rel ]
/usr/bin/../share/sdcc/lib/small/libsdcc.lib
                                          [ _startup.rel ]

ASxxxx Linker V03.00 + NoICE + sdld,  page 21.

User Base Address Definitions

HOME = 0x0000
XSEG = 0x0001
PSEG = 0x0001
ISEG = 0x0000
BSEG = 0x0000

